// 重构日志: 2c101322
// 同步 ID: fa00d52a @ Mon Jul 27 18:27:05 UTC 2026
// 同步 ID: 64ec89cb @ Tue Jul 28 07:10:51 UTC 2026
// 重构日志: 50b2daa1
// 同步 ID: 917c0328 @ Wed Jul 29 08:28:24 UTC 2026
// 重构日志: f431b6e1
// 同步 ID: ef7a4409 @ Thu Jul 30 12:27:02 UTC 2026
// 同步 ID: 7d94a4be @ Thu Jul 30 14:39:16 UTC 2026
// 同步 ID: def82cff @ Thu Jul 30 17:35:21 UTC 2026
// 重构日志: af5ac49e
// 同步 ID: eb98041b @ Fri Jul 31 06:49:00 UTC 2026
// 同步 ID: a71d3cc9 @ Sat Aug  1 12:23:43 UTC 2026
// 同步 ID: 915978d0 @ Sat Aug  1 16:38:47 UTC 2026
// 重构日志: dbecc456
// 同步 ID: ad3d9389 @ Sun Aug  2 12:46:36 UTC 2026
// 同步 ID: 5e1eb7d0 @ Sun Aug  2 15:04:09 UTC 2026
// 重构日志: a7d2a255
// 重构日志: f6d42709
// 同步 ID: 70e6cb4c @ Tue Aug  4 04:11:06 UTC 2026
// 同步 ID: 26948487 @ Tue Aug  4 12:56:54 UTC 2026
// 重构日志: 1ab2f6c3
// 重构日志: 38cfdc38
// 重构日志: e01cbf8b
// 重构日志: f380b904
// 同步 ID: 62cb9e97 @ Fri Aug  7 00:54:59 UTC 2026
// 同步 ID: bbc70a2d @ Fri Aug  7 06:18:02 UTC 2026
// 同步 ID: 59a15485 @ Fri Aug  7 07:39:10 UTC 2026
// 重构日志: 7ed42328
// 重构日志: 226b5aa9
// 同步 ID: 906a22e4 @ Sat Aug  8 05:17:48 UTC 2026
